[powerperspectives.org/index.html]
[powerperspectives.org/_next/static/css/c10f41517bf2a087.css]
[powerperspectives.org/_next/static/css/2714ebb76e66b45f.css]
[powerperspectives.org/_next/static/css/72c9eff68bdb8d49.css]
[powerperspectives.org/_next/static/css/66fd2a1c842338fe.css]
[powerperspectives.org/_next/static/css/fc393bfdb4aa2ff4.css]
[powerperspectives.org/_next/static/css/52fce15ee309ea55.css]
[powerperspectives.org/_next/static/css/bb76edb54677f13d.css]
[powerperspectives.org/_next/static/css/bdf10101024a210a.css]
[powerperspectives.org/_next/static/css/b9b5e54670ad7965.css]
[powerperspectives.org/_next/static/css/5fb2e9f3d82f937c.css]
[powerperspectives.org/_next/static/chunks/webpack-90e7ef2a331f0b74.js]
[powerperspectives.org/_next/static/chunks/1dd3208c-04e412786b9bb5a8.js]
[powerperspectives.org/_next/static/chunks/60286-890409783f04e06c.js]
[powerperspectives.org/_next/static/chunks/main-app-cffc2c37ce876347.js]
[powerperspectives.org/_next/static/chunks/app/main/[site]/[[...page]]/not-found-6c437530f404bee6.js]
[powerperspectives.org/_next/static/chunks/4200-5d7227b692768868.js]
[powerperspectives.org/_next/static/chunks/66916-5850d4983eef3dd7.js]
[powerperspectives.org/_next/static/chunks/6853-e5c585de543f8749.js]
[powerperspectives.org/_next/static/chunks/37955-4c3e80e988dde758.js]
[powerperspectives.org/_next/static/chunks/app/main/[site]/layout-e18b52732d4a1bfc.js]
[powerperspectives.org/_next/static/chunks/app/main/[site]/error-3e315fa6bc363a83.js]
[powerperspectives.org/_next/static/chunks/88709-12758d4a13be1505.js]
[powerperspectives.org/_next/static/chunks/10153-872938fcd9dc342d.js]
[backblue.gif]
[fade.gif]
[index.html]
[powerperspectives.org/_next/static/chunks/app/main/[site]/[[...page]]/page-644d72bb664b0e9e.js]
[powerperspectives.org/_next/static/chunks/polyfills-78c92fac7aa8fdd8.js]
[powerperspectives.org/insights.html]
[powerperspectives.org/conversations.html]
[powerperspectives.org/blog.html]
[powerperspectives.org/jacumba-27th.html]
[powerperspectives.org/jacumba-aug-14th.html]
[powerperspectives.org/conversations-database/conversation-vision-board.html]
[powerperspectives.org/_next/8b4f072a-c242-4bea-b65e-f1eca9cef627a066.jpg]
[powerperspectives.org/index.html]
[powerperspectives.org/_next/static/css/c10f41517bf2a087.css]
[powerperspectives.org/_next/static/css/d5f5753bbc15b5e9.css]
[powerperspectives.org/_next/static/css/2714ebb76e66b45f.css]
[powerperspectives.org/_next/static/css/72c9eff68bdb8d49.css]
[powerperspectives.org/_next/static/css/910da6a3c0937129.css]
[powerperspectives.org/_next/static/css/66fd2a1c842338fe.css]
[powerperspectives.org/_next/static/css/fc393bfdb4aa2ff4.css]
[powerperspectives.org/_next/static/css/44b83c3d2ca981fd.css]
[powerperspectives.org/_next/static/css/52fce15ee309ea55.css]
[powerperspectives.org/_next/static/media/KaTeX_AMS-Regular.0a016397.woff2]
[powerperspectives.org/_next/static/media/KaTeX_AMS-Regular.060a0b04.woff]
[powerperspectives.org/_next/static/media/KaTeX_AMS-Regular.4c846f09.ttf]
[powerperspectives.org/_next/static/media/KaTeX_Caligraphic-Bold.740cbb84.woff2]
[powerperspectives.org/_next/static/media/KaTeX_Caligraphic-Bold.6ed924f8.woff]
[powerperspectives.org/_next/static/media/KaTeX_Caligraphic-Bold.a6485da7.ttf]
[powerperspectives.org/_next/static/media/KaTeX_Caligraphic-Regular.16987ad5.woff2]
[powerperspectives.org/_next/static/media/KaTeX_Caligraphic-Regular.e729aeb9.woff]
[powerperspectives.org/_next/static/media/KaTeX_Caligraphic-Regular.1a2ccb6c.ttf]
[powerperspectives.org/_next/static/media/KaTeX_Fraktur-Bold.901a1816.woff2]
[powerperspectives.org/_next/static/media/KaTeX_Fraktur-Bold.2fe5b648.woff]
[powerperspectives.org/_next/static/media/KaTeX_Fraktur-Bold.6b0d32a7.ttf]
[powerperspectives.org/_next/static/media/KaTeX_Fraktur-Regular.8605aa7a.woff2]
[powerperspectives.org/_next/static/media/KaTeX_Fraktur-Regular.40fe4181.woff]
[powerperspectives.org/_next/static/media/KaTeX_Fraktur-Regular.246d8b4a.ttf]
[powerperspectives.org/_next/static/media/KaTeX_Main-Bold.a56976d6.woff2]
[powerperspectives.org/_next/static/media/KaTeX_Main-Bold.c751d4be.woff]
[powerperspectives.org/_next/static/media/KaTeX_Main-Bold.957e702b.ttf]
[powerperspectives.org/_next/static/media/KaTeX_Main-BoldItalic.798dbc97.woff2]
[powerperspectives.org/_next/static/media/KaTeX_Main-BoldItalic.f8e69f38.woff]
[powerperspectives.org/_next/static/media/KaTeX_Main-BoldItalic.31db8e4b.ttf]
[powerperspectives.org/_next/static/media/KaTeX_Main-Italic.57598c3d.woff2]
[powerperspectives.org/_next/static/media/KaTeX_Main-Italic.20428960.woff]
[powerperspectives.org/_next/static/media/KaTeX_Main-Italic.c7a67141.ttf]
[powerperspectives.org/_next/static/media/KaTeX_Main-Regular.379e6ba9.woff2]
[powerperspectives.org/_next/static/media/KaTeX_Main-Regular.c1643840.woff]
[powerperspectives.org/_next/static/media/KaTeX_Main-Regular.58adac92.ttf]
[powerperspectives.org/_next/static/media/KaTeX_Math-BoldItalic.8ab58b1e.woff2]
[powerperspectives.org/_next/static/media/KaTeX_Math-BoldItalic.661398ad.woff]
[powerperspectives.org/_next/static/media/KaTeX_Math-BoldItalic.1a622360.ttf]
[powerperspectives.org/_next/static/media/KaTeX_Math-Italic.ccc4681a.woff2]
[powerperspectives.org/_next/static/media/KaTeX_Math-Italic.b6067654.woff]
[powerperspectives.org/_next/static/media/KaTeX_Math-Italic.1beebf16.ttf]
[powerperspectives.org/_next/static/media/KaTeX_SansSerif-Bold.6ba9eb79.woff2]
[powerperspectives.org/_next/static/media/KaTeX_SansSerif-Bold.42447086.woff]
[powerperspectives.org/_next/static/media/KaTeX_SansSerif-Bold.7cb357e7.ttf]
[powerperspectives.org/_next/static/media/KaTeX_SansSerif-Italic.c9bb6f78.woff2]
[powerperspectives.org/_next/static/media/KaTeX_SansSerif-Italic.44c6e0ef.woff]
[powerperspectives.org/_next/static/media/KaTeX_SansSerif-Italic.d2e42d7c.ttf]
[powerperspectives.org/_next/static/media/KaTeX_SansSerif-Regular.924519de.woff2]
[powerperspectives.org/_next/static/media/KaTeX_SansSerif-Regular.36713787.woff]
[powerperspectives.org/_next/static/media/KaTeX_SansSerif-Regular.a7d37c91.ttf]
[powerperspectives.org/_next/static/media/KaTeX_Script-Regular.292b42be.woff2]
[powerperspectives.org/_next/static/media/KaTeX_Script-Regular.d3ee6ab8.woff]
[powerperspectives.org/_next/static/media/KaTeX_Script-Regular.89351b4f.ttf]
[powerperspectives.org/_next/static/media/KaTeX_Size1-Regular.17c5001e.woff2]
[powerperspectives.org/_next/static/media/KaTeX_Size1-Regular.5c123e9b.woff]
[powerperspectives.org/_next/static/media/KaTeX_Size1-Regular.493fb7a3.ttf]
[powerperspectives.org/_next/static/media/KaTeX_Size2-Regular.e75c06dd.woff2]
[powerperspectives.org/_next/static/media/KaTeX_Size2-Regular.a0b7415e.woff]
[powerperspectives.org/_next/static/media/KaTeX_Size2-Regular.e7f2c2bb.ttf]
[powerperspectives.org/_next/static/media/KaTeX_Size3-Regular.ef92d152.woff2]
[powerperspectives.org/_next/static/media/KaTeX_Size3-Regular.5adc6ec4.woff]
[powerperspectives.org/_next/static/media/KaTeX_Size3-Regular.8465ccab.ttf]
[powerperspectives.org/_next/static/media/KaTeX_Size4-Regular.96282536.woff2]
[powerperspectives.org/_next/static/media/KaTeX_Size4-Regular.d7589d15.woff]
[powerperspectives.org/_next/static/media/KaTeX_Size4-Regular.91f58a71.ttf]
[powerperspectives.org/_next/static/media/KaTeX_Typewriter-Regular.809d61ae.woff2]
[powerperspectives.org/_next/static/media/KaTeX_Typewriter-Regular.72b0861a.woff]
[powerperspectives.org/_next/static/css/bb76edb54677f13d.css]
[powerperspectives.org/_next/static/css/6bbf6298f76eb501.css]
[powerperspectives.org/_next/static/css/bdf10101024a210a.css]
[powerperspectives.org/_next/static/css/b9b5e54670ad7965.css]
[powerperspectives.org/_next/static/css/5fb2e9f3d82f937c.css]
[powerperspectives.org/_next/static/media/KaTeX_Typewriter-Regular.484b3496.ttf]
[powerperspectives.org/_next/f055812a-ce9b-4549-87c9-d88845df44ac6912.jpg]
[powerperspectives.org/insights.html]
[powerperspectives.org/conversations.html]
[powerperspectives.org/insights/personal-reflection.html]
[powerperspectives.org/_next/436782b1-c275-4e9e-9e4f-5f5b584e08e37924.jpg]
[powerperspectives.org/blog-posts-database/transmission-impossible-prospects-for-decarbonizing-the-us-grid.62.d]
[powerperspectives.org/blog-posts-database/the-climate-coalition-is-threatening-to-split-apart.html]
[powerperspectives.org/_next/b6eeece9-6c82-485f-97ac-f830d1edd3b764c4.jpg]
[powerperspectives.org/_next/4cd3e645-7710-4b16-b74e-60f1903f41d2f544.jpg]
[powerperspectives.org/blog-posts-database/community-choice-aggregation-challenges-opportunities-and-impacts-on]
[powerperspectives.org/_next/f055812a-ce9b-4549-87c9-d88845df44ace798.jpg]
[powerperspectives.org/blog-posts-database/renewable-energy-siting-through-technical-engagement-and-planning-r-]
[powerperspectives.org/blog-posts-database/power-politics-renewable-energy-policy-change-in-us-states.6a.delaye]
[powerperspectives.org/_next/be86c133-e29c-48db-ac34-f883507e310b6930.jpg]
[powerperspectives.org/blog-posts-database/doctoral-students-weigh-costs-and-benefits-of-renewable-energies.6c]
[powerperspectives.org/_next/ddebbf26-9d7b-46e6-9a4c-710b5a8ea0830597.jpg]
[powerperspectives.org/blog.html]
[powerperspectives.org/jacumba-27th.html]
[powerperspectives.org/jacumba-aug-14th.html]
[powerperspectives.org/blog-posts-database/how-does-permitting-for-clean-energy-infrastructure-work.html]
[powerperspectives.org/blog-posts-database/prevalence-and-predictors-of-wind-energy-opposition-in-north-america]
[powerperspectives.org/_next/8b4f072a-c242-4bea-b65e-f1eca9cef6277ad7.jpg]
[powerperspectives.org/conversations-database/conversation-vision-board.html]
[powerperspectives.org/s.brightspotcdn.com/dims4/default/935d094/2147483647/strip/false/crop/5088/index1a1f.htm]
[powerperspectives.org/insights/personal-reflection.html]
[powerperspectives.org/_next/436782b1-c275-4e9e-9e4f-5f5b584e08e33802.jpg]
[powerperspectives.org/blog-posts-database/transmission-impossible-prospects-for-decarbonizing-the-us-grid.62.d]
[powerperspectives.org/_next/b6eeece9-6c82-485f-97ac-f830d1edd3b78eea.jpg]
[powerperspectives.org/blog-posts-database/the-climate-coalition-is-threatening-to-split-apart.html]
[powerperspectives.org/_next/4cd3e645-7710-4b16-b74e-60f1903f41d247b0.jpg]
[powerperspectives.org/blog-posts-database/community-choice-aggregation-challenges-opportunities-and-impacts-on]
[powerperspectives.org/blog-posts-database/renewable-energy-siting-through-technical-engagement-and-planning-r-]
[powerperspectives.org/blog-posts-database/power-politics-renewable-energy-policy-change-in-us-states.6a.delaye]
[powerperspectives.org/_next/be86c133-e29c-48db-ac34-f883507e310bf621.jpg]
[powerperspectives.org/_next/ddebbf26-9d7b-46e6-9a4c-710b5a8ea083792f.jpg]
[powerperspectives.org/blog-posts-database/doctoral-students-weigh-costs-and-benefits-of-renewable-energies.6c]
[powerperspectives.org/blog-posts-database/prevalence-and-predictors-of-wind-energy-opposition-in-north-america]
[powerperspectives.org/blog-posts-database/how-does-permitting-for-clean-energy-infrastructure-work.html]
[powerperspectives.org/s.brightspotcdn.com/dims4/default/935d094/2147483647/strip/false/crop/5/80.711a1f.delaye]
